*MODEL TEST #4*

Request Time: 2026.02.15 23:10
Generating Duration: ~18-21 (Editing this in 23:38)

Input:
[
    {
        "spaceport": "custom",
        "coordinates": [71.6872, 128.8536],
        "target_timestamp": "2026-02-21T12:00:00Z",
        "timezone": "UTC+0"
    },
    {
        "spaceport": "custom",
        "coordinates": [-16.5000, -68.1193],
        "target_timestamp": "2026-02-22T12:00:00Z",
        "timezone": "UTC+0"
    },
    {
        "spaceport": "custom",
        "coordinates": [1.3521, 103.8198],
        "target_timestamp": "2026-01-25T12:00:00Z",
        "timezone": "UTC+0"
    }
]

Fetched:

[
({'spaceport': 'custom', 'coordinates': [1.3521, 103.8198], 'target_timestamp': '2026-01-25T12:00:00Z', 'request_time': '2026-02-15T18:19:41.112352Z', 'timezone': 'UTC+0'}, {'location': {'name': 'Singapore-Singapore'}, 'wind_profile_now': [[100, 2.65, 11, 24.7], [750, 10.49, 19, 20.9], [1500, 6.66, 9, 18.0], [3000, 5.93, 352, 8.7], [5500, 1.67, 180, -4.0], [9000, 6.37, 96, -30.0], [10500, 8.0, 90, -41.5], [16000, 16.42, 96, -79.5], [20000, 11.28, 109, -74.0], [31000, 16.03, 266, -44.5]], 'aqi_now': {'pm2_5': 17, 'pm10': 17, 'no2': None, 'so2': 3, 'o3': 9, 'co': 1}, 'aqi_trends': [{'date': '2025-02-21', 'content': {'pm2_5': 2.6, 'pm10': 3.9, 'no2': 0.0, 'so2': 0.1, 'o3': 73.0, 'co': 192.0}}, {'date': '2024-02-21', 'content': {'pm2_5': 2.2, 'pm10': 3.0, 'no2': 0.1, 'so2': 0.1, 'o3': 58.0, 'co': 140.0}}, {'date': '2023-02-21', 'content': {'pm2_5': 0.6, 'pm10': 0.9, 'no2': 0.3, 'so2': 3.0, 'o3': 87.0, 'co': 139.0}}, {'date': '2022-02-21', 'content': {'pm2_5': None, 'pm10': None, 'no2': None, 'so2': None, 'o3': None, 'co': None}}, {'date': '2021-02-21', 'content': {'pm2_5': None, 'pm10': None, 'no2': None, 'so2': None, 'o3': None, 'co': None}}, {'date': '2025-02-22', 'content': {'pm2_5': 0.1, 'pm10': 0.1, 'no2': 2.3, 'so2': 1.0, 'o3': 36.0, 'co': 266.0}}, {'date': '2024-02-22', 'content': {'pm2_5': 1.2, 'pm10': 1.7, 'no2': 4.2, 'so2': 2.6, 'o3': 37.0, 'co': 164.0}}, {'date': '2023-02-22', 'content': {'pm2_5': 4.5, 'pm10': 6.4, 'no2': 4.0, 'so2': 0.3, 'o3': 19.0, 'co': 194.0}}, {'date': '2022-02-22', 'content': {'pm2_5': None, 'pm10': None, 'no2': None, 'so2': None, 'o3': None, 'co': None}}, {'date': '2021-02-22', 'content': {'pm2_5': None, 'pm10': None, 'no2': None, 'so2': None, 'o3': None, 'co': None}}, {'date': '2025-01-25', 'content': {'pm2_5': 17.5, 'pm10': 21.8, 'no2': 36.1, 'so2': 8.0, 'o3': 52.0, 'co': 1068.0}}, {'date': '2024-01-25', 'content': {'pm2_5': 12.3, 'pm10': 19.8, 'no2': 50.4, 'so2': 16.7, 'o3': 15.0, 'co': 426.0}}, {'date': '2023-01-25', 'content': {'pm2_5': 16.2, 'pm10': 27.8, 'no2': 19.6, 'so2': 9.6, 'o3': 54.0, 'co': 327.0}}, {'date': '2022-01-25', 'content': {'pm2_5': None, 'pm10': None, 'no2': None, 'so2': None, 'o3': None, 'co': None}}, {'date': '2021-01-25', 'content': {'pm2_5': None, 'pm10': None, 'no2': None, 'so2': None, 'o3': None, 'co': None}}], 'weather_summary': {'pressure_surface': 1004.2, 'average_humidity': 90, 'cloud_cover': 100, 'visibility': 24140.0, 'forecast_7d': [95, 95, 95, 80, 3, 3, 3], 'weather_normal': {'temp_norm': 25.6, 'cloud_norm': 92.0, 'pressure_norm': 1005.0}}, 'space_environment': {'kp_index_now': 0, 'xray_flux_now': 'A0.0', 'donki_trends': [{'year': 2025, 'flare_count': 8, 'peak_class': 'M2.7'}, {'year': 2024, 'flare_count': 26, 'peak_class': 'M5.1'}, {'year': 2023, 'flare_count': 7, 'peak_class': 'M4.6'}, {'year': 2022, 'flare_count': 0, 'peak_class': 'N/A'}, {'year': 2021, 'flare_count': 0, 'peak_class': 'N/A'}], 'mag_declination_pr': 0.19, 'sun_pos_pr': [251.03, -10.6], 'moon_pos_pr': [297.46, 61.43], 'objects_predicted': [{'name': 'FENGYUN 1C DEB', 'norad_id': '38135', 'type': 'DEBRIS', 'rcs': 'SMALL', 'position_prediction': {'azimuth': 114.52, 'elevation': -14.43, 'range_km': 5023.0}, 'is_visible': False}, {'name': 'FENGYUN 1C DEB', 'norad_id': '38795', 'type': 'DEBRIS', 'rcs': 'SMALL', 'position_prediction': {'azimuth': 171.82, 'elevation': -30.99, 'range_km': 8848.19}, 'is_visible': False}, {'name': 'TBA - TO BE ASSIGNED', 'norad_id': '270074', 'type': 'UNKNOWN', 'rcs': 'None', 'position_prediction': {'azimuth': 206.62, 'elevation': -36.19, 'range_km': 9554.23}, 'is_visible': False}, {'name': 'PEGASUS DEB', 'norad_id': '39928', 'type': 'DEBRIS', 'rcs': 'SMALL', 'position_prediction': {'azimuth': 190.25, 'elevation': -46.82, 'range_km': 9789.61}, 'is_visible': False}, {'name': 'FENGYUN 1C DEB', 'norad_id': '31051', 'type': 'DEBRIS', 'rcs': 'SMALL', 'position_prediction': {'azimuth': 349.68, 'elevation': -44.55, 'range_km': 10123.36}, 'is_visible': False}, {'name': 'TBA - TO BE ASSIGNED', 'norad_id': '270248', 'type': 'UNKNOWN', 'rcs': 'None', 'position_prediction': {'azimuth': 181.43, 'elevation': -44.35, 'range_km': 10963.61}, 'is_visible': False}, {'name': 'FENGYUN 1C DEB *', 'norad_id': '47104', 'type': 'DEBRIS', 'rcs': 'SMALL', 'position_prediction': {'azimuth': 345.57, 'elevation': -54.66, 'range_km': 11387.26}, 'is_visible': False}, {'name': 'STARLINK-35956', 'norad_id': '66629', 'type': 'PAYLOAD', 'rcs': 'None', 'position_prediction': {'azimuth': nan, 'elevation': nan, 'range_km': nan}, 'is_visible': False}, {'name': 'METEOR 2-7 DEB', 'norad_id': '59993', 'type': 'DEBRIS', 'rcs': 'SMALL', 'position_prediction': {'azimuth': 6.69, 'elevation': -56.94, 'range_km': 11568.73}, 'is_visible': False}, {'name': 'THORAD DELTA 1 DEB', 'norad_id': '42613', 'type': 'DEBRIS', 'rcs': 'SMALL', 'position_prediction': {'azimuth': 359.97, 'elevation': -60.23, 'range_km': 12688.96}, 'is_visible': False}]}, 'surface': {'height_msl': 62.0, 'slope_degree': 11.28, 'terrain_type': 'Flat Plain'}, 'aviation': {'shedules_now': [{'callsign': 'GIA860', 'altitude_m': 12192, 'velocity_ms': 228.03, 'heading': 35.91, 'on_ground': False}, {'callsign': 'FFM2537', 'altitude_m': 9319.26, 'velocity_ms': 232.92, 'heading': 263.66, 'on_ground': False}, {'callsign': 'MAS609', 'altitude_m': 586.74, 'velocity_ms': 78.16, 'heading': 22.85, 'on_ground': False}, {'callsign': 'CHH447', 'altitude_m': 6377.94, 'velocity_ms': 182.04, 'heading': 165.77, 'on_ground': False}, {'callsign': 'APZ5637', 'altitude_m': 2080.26, 'velocity_ms': 105.05, 'heading': 232.96, 'on_ground': False}, {'callsign': 'SIA7411', 'altitude_m': 5806.44, 'velocity_ms': 151.49, 'heading': 149.6, 'on_ground': False}, {'callsign': 'CES769', 'altitude_m': 6370.32, 'velocity_ms': 154.23, 'heading': 138.92, 'on_ground': False}, {'callsign': 'KLM836', 'altitude_m': 5532.12, 'velocity_ms': 224.36, 'heading': 301.21, 'on_ground': False}, {'callsign': 'SIA7974', 'altitude_m': 9768.84, 'velocity_ms': 254.06, 'heading': 32.18, 'on_ground': False}, {'callsign': 'N/A', 'altitude_m': 12192, 'velocity_ms': 251.81, 'heading': 300.44, 'on_ground': False}, {'callsign': 'MXD191', 'altitude_m': 10058.4, 'velocity_ms': 237.07, 'heading': 148.76, 'on_ground': False}, {'callsign': 'TGW2', 'altitude_m': 1813.56, 'velocity_ms': 146.81, 'heading': 148.76, 'on_ground': False}, {'callsign': 'TGW58', 'altitude_m': 5021.58, 'velocity_ms': 168.09, 'heading': 151.08, 'on_ground': False}]}}),
({'spaceport': 'custom', 'coordinates': [1.3521, 103.8198], 'target_timestamp': '2026-01-25T12:00:00Z', 'request_time': '2026-02-15T18:19:41.112352Z', 'timezone': 'UTC+0'}, {'location': {'name': 'Singapore-Singapore'}, 'wind_profile_now': [[100, 2.65, 11, 24.7], [750, 10.49, 19, 20.9], [1500, 6.66, 9, 18.0], [3000, 5.93, 352, 8.7], [5500, 1.67, 180, -4.0], [9000, 6.37, 96, -30.0], [10500, 8.0, 90, -41.5], [16000, 16.42, 96, -79.5], [20000, 11.28, 109, -74.0], [31000, 16.03, 266, -44.5]], 'aqi_now': {'pm2_5': 17, 'pm10': 17, 'no2': None, 'so2': 3, 'o3': 9, 'co': 1}, 'aqi_trends': [{'date': '2025-02-21', 'content': {'pm2_5': 2.6, 'pm10': 3.9, 'no2': 0.0, 'so2': 0.1, 'o3': 73.0, 'co': 192.0}}, {'date': '2024-02-21', 'content': {'pm2_5': 2.2, 'pm10': 3.0, 'no2': 0.1, 'so2': 0.1, 'o3': 58.0, 'co': 140.0}}, {'date': '2023-02-21', 'content': {'pm2_5': 0.6, 'pm10': 0.9, 'no2': 0.3, 'so2': 3.0, 'o3': 87.0, 'co': 139.0}}, {'date': '2022-02-21', 'content': {'pm2_5': None, 'pm10': None, 'no2': None, 'so2': None, 'o3': None, 'co': None}}, {'date': '2021-02-21', 'content': {'pm2_5': None, 'pm10': None, 'no2': None, 'so2': None, 'o3': None, 'co': None}}, {'date': '2025-02-22', 'content': {'pm2_5': 0.1, 'pm10': 0.1, 'no2': 2.3, 'so2': 1.0, 'o3': 36.0, 'co': 266.0}}, {'date': '2024-02-22', 'content': {'pm2_5': 1.2, 'pm10': 1.7, 'no2': 4.2, 'so2': 2.6, 'o3': 37.0, 'co': 164.0}}, {'date': '2023-02-22', 'content': {'pm2_5': 4.5, 'pm10': 6.4, 'no2': 4.0, 'so2': 0.3, 'o3': 19.0, 'co': 194.0}}, {'date': '2022-02-22', 'content': {'pm2_5': None, 'pm10': None, 'no2': None, 'so2': None, 'o3': None, 'co': None}}, {'date': '2021-02-22', 'content': {'pm2_5': None, 'pm10': None, 'no2': None, 'so2': None, 'o3': None, 'co': None}}, {'date': '2025-01-25', 'content': {'pm2_5': 17.5, 'pm10': 21.8, 'no2': 36.1, 'so2': 8.0, 'o3': 52.0, 'co': 1068.0}}, {'date': '2024-01-25', 'content': {'pm2_5': 12.3, 'pm10': 19.8, 'no2': 50.4, 'so2': 16.7, 'o3': 15.0, 'co': 426.0}}, {'date': '2023-01-25', 'content': {'pm2_5': 16.2, 'pm10': 27.8, 'no2': 19.6, 'so2': 9.6, 'o3': 54.0, 'co': 327.0}}, {'date': '2022-01-25', 'content': {'pm2_5': None, 'pm10': None, 'no2': None, 'so2': None, 'o3': None, 'co': None}}, {'date': '2021-01-25', 'content': {'pm2_5': None, 'pm10': None, 'no2': None, 'so2': None, 'o3': None, 'co': None}}], 'weather_summary': {'pressure_surface': 1004.2, 'average_humidity': 90, 'cloud_cover': 100, 'visibility': 24140.0, 'forecast_7d': [95, 95, 95, 80, 3, 3, 3], 'weather_normal': {'temp_norm': 25.6, 'cloud_norm': 92.0, 'pressure_norm': 1005.0}}, 'space_environment': {'kp_index_now': 0, 'xray_flux_now': 'A0.0', 'donki_trends': [{'year': 2025, 'flare_count': 8, 'peak_class': 'M2.7'}, {'year': 2024, 'flare_count': 26, 'peak_class': 'M5.1'}, {'year': 2023, 'flare_count': 7, 'peak_class': 'M4.6'}, {'year': 2022, 'flare_count': 0, 'peak_class': 'N/A'}, {'year': 2021, 'flare_count': 0, 'peak_class': 'N/A'}], 'mag_declination_pr': 0.19, 'sun_pos_pr': [251.03, -10.6], 'moon_pos_pr': [297.46, 61.43], 'objects_predicted': [{'name': 'FENGYUN 1C DEB', 'norad_id': '38135', 'type': 'DEBRIS', 'rcs': 'SMALL', 'position_prediction': {'azimuth': 114.52, 'elevation': -14.43, 'range_km': 5023.0}, 'is_visible': False}, ...
]

Output:

[
    json{
        "ai_analytics": {
            "review": "The launch site at Russia-Tiksi is evaluated based on the provided telemetry. The atmospheric stability index (S1) is calculated as 0 due to missing pressure_surface data. The aerodynamic index (S2) is 33, as the maximum wind speed is not provided and thus assumed to be 0. The space weather index (S3) is 100, as the KP index is 0 and there are no X-ray flare events. The geoballistic index (S4) is 0 due to missing slope_degree data. The operational safety index (S5) is 0 as the terrain type is not provided and the site is custom, thus applying full penalties for slope and safety. The launch conditions score (LCS) is 0 due to missing critical data.",
            "risks": ["Missing pressure_surface data", "Missing slope_degree data", "Missing terrain type data"],
            "recommendations": "Ensure all critical telemetry data is available before proceeding with the launch. Consider alternative launch sites with complete data.",
            "verdict": "Final LCS is zeroed due to missing data.",
            "lcs": 0
        }
    },
    json{
        "ai_analytics": {
            "review": "The site at Bolivia-La Paz, with coordinates [-16.5, -68.1193], is evaluated based on the provided telemetry. The atmospheric conditions are stable, with a surface pressure of 670.3 hPa, which is within acceptable limits. The visibility is 12,660 meters, well above the required threshold. The geomagnetic activity is low with a KP index of 0, and there are no significant solar X-ray flares predicted. The terrain is classified as a \'Flat Plain\' with a slope of 6.5 degrees, which is within acceptable limits. However, the air quality index (AQI) data is incomplete, particularly for PM10, NO2, SO2, and CO, which are flagged as [MISSING_DATA: AQI_DATA].",
            "risks": ["Incomplete AQI data", "No aircraft activity detected"],
            "recommendations": "Ensure that the missing AQI data is obtained before proceeding with the launch. No aircraft activity detected, so this is not a concern.",
            "verdict": "Final LCS is zeroed due to missing AQI data.",
            "lcs": 0
        }
    },
    json{
        "ai_analytics": {
            "review": "The launch site at Singapore-Singapore (coordinates: 1.3521, 103.8198) is evaluated based on the provided telemetry. The atmospheric conditions are stable, with a surface pressure of 1004.2 hPa, which is within acceptable limits. The visibility is 24,140 meters, which is well above the minimum requirement. The geomagnetic activity is low with a KP index of 0, and there are no significant solar X-ray flares predicted. However, the wind profile at the launch altitude of 20,000 meters shows a maximum wind speed of 16.42 m/s, which exceeds the threshold for the wind gate. The terrain is classified as \'Flat Plain\' with a slope of 11.28 degrees, which is within acceptable limits. There are no aircraft within the proximity radius at the request time, and the predicted satellite debris poses no immediate threat. The launch site is not optimized as a \'spaceport\', so the operational safety index is penalized due to the slope degree.",
            "risks": ["Excessive wind speed at launch altitude", "Slope degree penalty for operational safety"],
            "recommendations": "Due to the excessive wind speed at the launch altitude, the mission should consider delaying the launch or seeking an alternative site with more favorable wind conditions. The slope degree penalty for operational safety should be mitigated by ensuring clear airspace and terrain suitability.",
            "verdict": "The launch is not feasible due to the wind gate being violated.",
            "lcs": 0
        }
    }
]

Note:
    Edit prompt: "Only missing PHYSICAL gates (Wind, Visibility, Pressure, Geomagnetic) result in LCS 0. Missing AQI or minor environmental data should only lower the S-score, not zero out the LCS."