*MODEL TEST #6*

Request Time: 2026.02.16 19:10
Generating Duration: 15

Input:

[
    {
        "spaceport": "custom",
        "coordinates": [35.2458, 139.1023], 
        "target_timestamp": "2026-03-01T10:00:00Z",
        "timezone": "UTC+9",
        "note": "Japan, near Odawara. High aviation density & seismic zone check."
    },
    {
        "spaceport": "custom",
        "coordinates": [-23.0008, -43.3547],
        "target_timestamp": "2026-03-05T15:00:00Z",
        "timezone": "UTC-3",
        "note": "Rio de Janeiro coast. Tropical humidity + oceanic influence."
    },
    {
        "spaceport": "custom",
        "coordinates": [28.5721, 80.6480],
        "target_timestamp": "2026-03-10T12:00:00Z",
        "timezone": "UTC-5",
        "note": "Kennedy Space Center (Baseline). Let's see if it treats a real port better."
    }
]

Fetched:

[({'spaceport': 'custom', 'coordinates': [28.5721, 80.648], 'target_timestamp': '2026-03-10T12:00:00Z', 'request_time': '2026-02-16T14:20:34.236360Z', 'timezone': 'UTC-5'}, {'location': {'name': 'India-Uttar Pradesh'}, 'wind_profile_now': [[100, 0.61, 99, 13.5], [750, 2.76, 284, 17.1], [1500, 2.95, 301, 13.0], [3000, 6.38, 322, 6.1], [5500, 13.57, 295, -13.3], [9000, 39.09, 274, -38.0], [10500, 46.74, 267, -45.5], [16000, 28.57, 281, -70.5], [20000, 7.2, 13, -63.0], [31000, 17.92, 80, -48.0]], 'aqi_now': {'pm2_5': 38, 'pm10': None, 'no2': 1.9, 'so2': None, 'o3': 28.5, 'co': None}, 'aqi_trends': [{'date': '2025-03-01', 'content': {'pm2_5': 15.3, 'pm10': 15.9, 'no2': 29.5, 'so2': 33.7, 'o3': 54.0, 'co': 395.0}}, {'date': '2024-03-01', 'content': {'pm2_5': 4.1, 'pm10': 6.3, 'no2': 15.2, 'so2': 6.7, 'o3': 59.0, 'co': 232.0}}, {'date': '2023-03-01', 'content': {'pm2_5': 9.8, 'pm10': 15.8, 'no2': 16.8, 'so2': 4.3, 'o3': 62.0, 'co': 220.0}}, {'date': '2022-03-01', 'content': {'pm2_5': None, 'pm10': None, 'no2': None, 'so2': None, 'o3': None, 'co': None}}, {'date': '2021-03-01', 'content': {'pm2_5': None, 'pm10': None, 'no2': None, 'so2': None, 'o3': None, 'co': None}}, {'date': '2025-03-05', 'content': {'pm2_5': 14.4, 'pm10': 20.8, 'no2': 3.3, 'so2': 1.4, 'o3': 90.0, 'co': 116.0}}, {'date': '2024-03-05', 'content': {'pm2_5': 23.4, 'pm10': 38.2, 'no2': 6.1, 'so2': 4.3, 'o3': 236.0, 'co': 213.0}}, {'date': '2023-03-05', 'content': {'pm2_5': 44.1, 'pm10': 67.3, 'no2': 0.6, 'so2': 2.7, 'o3': 167.0, 'co': 234.0}}, {'date': '2022-03-05', 'content': {'pm2_5': None, 'pm10': None, 'no2': None, 'so2': None, 'o3': None, 'co': None}}, {'date': '2021-03-05', 'content': {'pm2_5': None, 'pm10': None, 'no2': None, 'so2': None, 'o3': None, 'co': None}}, {'date': '2025-03-10', 'content': {'pm2_5': 82.0, 'pm10': 104.5, 'no2': 22.0, 'so2': 11.2, 'o3': 69.0, 'co': 615.0}}, {'date': '2024-03-10', 'content': {'pm2_5': 61.7, 'pm10': 97.3, 'no2': 24.3, 'so2': 12.2, 'o3': 68.0, 'co': 882.0}}, {'date': '2023-03-10', 'content': {'pm2_5': 53.1, 'pm10': 76.4, 'no2': 15.6, 'so2': 5.3, 'o3': 59.0, 'co': 479.0}}, {'date': '2022-03-10', 'content': {'pm2_5': None, 'pm10': None, 'no2': None, 'so2': None, 'o3': None, 'co': None}}, {'date': '2021-03-10', 'content': {'pm2_5': None, 'pm10': None, 'no2': None, 'so2': None, 'o3': None, 'co': None}}], 'weather_summary': {'pressure_surface': 993.1, 'average_humidity': 100, 'cloud_cover': 66, 'visibility': 24140.0, 'forecast_7d': [45, 1, 3, 3, 1, 1, 1], 'weather_normal': {'temp_norm': 22.0, 'cloud_norm': 27.0, 'pressure_norm': 994.2}}, 'space_environment': {'kp_index_now': 0, 'xray_flux_now': 'M2.4', 'donki_trends': [{'year': 2025, 'flare_count': 3, 'peak_class': 'M1.6'}, {'year': 2024, 'flare_count': 4, 'peak_class': 'M7.4'}, {'year': 2023, 'flare_count': 5, 'peak_class': 'M1.3'}, {'year': 2022, 'flare_count': 2, 'peak_class': 'M2.2'}, {'year': 2021, 'flare_count': 1, 'peak_class': 'C1.6'}], 'mag_declination_pr': 1.44, 'sun_pos_pr': [309.01, -54.49], 'moon_pos_pr': [108.6, -26.9], 'objects_predicted': [{'name': 'FENGYUN 1C DEB', 'norad_id': '36186', 'type': 'DEBRIS', 'rcs': 'SMALL', 'position_prediction': {'azimuth': 197.54, 'elevation': 0.89, 'range_km': 1719.63}, 'is_visible': True}, {'name': 'TBA - TO BE ASSIGNED', 'norad_id': '270143', 'type': 'UNKNOWN', 'rcs': 'None', 'position_prediction': {'azimuth': 8.85, 'elevation': -19.86, 'range_km': 6501.45}, 'is_visible': False}, {'name': 'FENGYUN 1C DEB', 'norad_id': '31980', 'type': 'DEBRIS', 'rcs': 'SMALL', 'position_prediction': {'azimuth': 351.09, 'elevation': -20.47, 'range_km': 7282.52}, 'is_visible': False}, {'name': 'TBA - TO BE ASSIGNED', 'norad_id': '270063', 'type': 'UNKNOWN', 'rcs': 'None', 'position_prediction': {'azimuth': 134.83, 'elevation': -34.77, 'range_km': 8523.61}, 'is_visible': False}, {'name': 'TBA - TO BE ASSIGNED', 'norad_id': '270072', 'type': 'UNKNOWN', 'rcs': 'None', 'position_prediction': {'azimuth': 49.49, 'elevation': -35.86, 'range_km': 10420.38}, 'is_visible': False}, {'name': 'TBA - TO BE ASSIGNED', 'norad_id': '270224', 'type': 'UNKNOWN', 'rcs': 'None', 'position_prediction': {'azimuth': 50.65, 'elevation': -53.47, 'range_km': 11304.78}, 'is_visible': False}, {'name': 'FREGAT DEB', 'norad_id': '47337', 'type': 'DEBRIS', 'rcs': 'SMALL', 'position_prediction': {'azimuth': 225.59, 'elevation': -39.83, 'range_km': 11404.76}, 'is_visible': False}, {'name': 'FENGYUN 1C DEB', 'norad_id': '37061', 'type': 'DEBRIS', 'rcs': 'SMALL', 'position_prediction': {'azimuth': 176.01, 'elevation': -49.3, 'range_km': 11596.78}, 'is_visible': False}, {'name': 'TBA - TO BE ASSIGNED', 'norad_id': '270152', 'type': 'UNKNOWN', 'rcs': 'None', 'position_prediction': {'azimuth': 223.13, 'elevation': -57.05, 'range_km': 12139.66}, 'is_visible': False}, {'name': 'TBA - TO BE ASSIGNED', 'norad_id': '270303', 'type': 'UNKNOWN', 'rcs': 'None', 'position_prediction': {'azimuth': 88.75, 'elevation': -71.2, 'range_km': 12499.97}, 'is_visible': False}]}, 'surface': {'height_msl': 173.0, 'slope_degree': 2.15, 'terrain_type': 'Flat Plain'}, 'aviation': {'shedules_now': [{'callsign': 'AIC1867', 'altitude_m': 9326.88, 'velocity_ms': 206.61, 'heading': 303.22, 'on_ground': False}, {'callsign': 'CPA3117', 'altitude_m': 10363.2, 'velocity_ms': 217.23, 'heading': 310.1, 'on_ground': False}, {'callsign': 'IGO485H', 'altitude_m': 8923.02, 'velocity_ms': 217.2, 'heading': 295.84, 'on_ground': False}, {'callsign': 'AXB1050', 'altitude_m': 10668, 'velocity_ms': 268.97, 'heading': 119.07, 'on_ground': False}, {'callsign': 'ANA838', 'altitude_m': 9311.64, 'velocity_ms': 258.61, 'heading': 114.07, 'on_ground': False}]}}),
({'spaceport': 'custom', 'coordinates': [28.5721, 80.648], 'target_timestamp': '2026-03-10T12:00:00Z', 'request_time': '2026-02-16T14:20:34.236360Z', 'timezone': 'UTC-5'}, {'location': {'name': 'India-Uttar Pradesh'}, 'wind_profile_now': [[100, 0.61, 99, 13.5], [750, 2.76, 284, 17.1], [1500, 2.95, 301, 13.0], [3000, 6.38, 322, 6.1], [5500, 13.57, 295, -13.3], [9000, 39.09, 274, -38.0], [10500, 46.74, 267, -45.5], [16000, 28.57, 281, -70.5], [20000, 7.2, 13, -63.0], [31000, 17.92, 80, -48.0]], 'aqi_now': {'pm2_5': 38, 'pm10': None, 'no2': 1.9, 'so2': None, 'o3': 28.5, 'co': None}, 'aqi_trends': [{'date': '2025-03-01', 'content': {'pm2_5': 15.3, 'pm10': 15.9, 'no2': 29.5, 'so2': 33.7, 'o3': 54.0, 'co': 395.0}}, {'date': '2024-03-01', 'content': {'pm2_5': 4.1, 'pm10': 6.3, 'no2': 15.2, 'so2': 6.7, 'o3': 59.0, 'co': 232.0}}, {'date': '2023-03-01', 'content': {'pm2_5': 9.8, 'pm10': 15.8, 'no2': 16.8, 'so2': 4.3, 'o3': 62.0, 'co': 220.0}}, {'date': '2022-03-01', 'content': {'pm2_5': None, 'pm10': None, 'no2': None, 'so2': None, 'o3': None, 'co': None}}, {'date': '2021-03-01', 'content': {'pm2_5': None, 'pm10': None, 'no2': None, 'so2': None, 'o3': None, 'co': None}}, {'date': '2025-03-05', 'content': {'pm2_5': 14.4, 'pm10': 20.8, 'no2': 3.3, 'so2': 1.4, 'o3': 90.0, 'co': 116.0}}, {'date': '2024-03-05', 'content': {'pm2_5': 23.4, 'pm10': 38.2, 'no2': 6.1, 'so2': 4.3, 'o3': 236.0, 'co': 213.0}}, {'date': '2023-03-05', 'content': {'pm2_5': 44.1, 'pm10': 67.3, 'no2': 0.6, 'so2': 2.7, 'o3': 167.0, 'co': 234.0}}, {'date': '2022-03-05', 'content': {'pm2_5': None, 'pm10': None, 'no2': None, 'so2': None, 'o3': None, 'co': None}}, {'date': '2021-03-05', 'content': {'pm2_5': None, 'pm10': None, 'no2': None, 'so2': None, 'o3': None, 'co': None}}, {'date': '2025-03-10', 'content': {'pm2_5': 82.0, 'pm10': 104.5, 'no2': 22.0, 'so2': 11.2, 'o3': 69.0, 'co': 615.0}}, {'date': '2024-03-10', 'content': {'pm2_5': 61.7, 'pm10': 97.3, 'no2': 24.3, 'so2': 12.2, 'o3': 68.0, 'co': 882.0}}, {'date': '2023-03-10', 'content': {'pm2_5': 53.1, 'pm10': 76.4, 'no2': 15.6, 'so2': 5.3, 'o3': 59.0, 'co': 479.0}}, {'date': '2022-03-10', 'content': {'pm2_5': None, 'pm10': None, 'no2': None, 'so2': None, 'o3': None, 'co': None}}, {'date': '2021-03-10', 'content': {'pm2_5': None, 'pm10': None, 'no2': None, 'so2': None, 'o3': None, 'co': None}}], 'weather_summary': {'pressure_surface': 993.1, 'average_humidity': 100, 'cloud_cover': 66, 'visibility': 24140.0, 'forecast_7d': [45, 1, 3, 3, 1, 1, 1], 'weather_normal': {'temp_norm': 22.0, 'cloud_norm': 27.0, 'pressure_norm': 994.2}}, 'space_environment': {'kp_index_now': 0, 'xray_flux_now': 'M2.4', 'donki_trends': [{'year': 2025, 'flare_count': 3, 'peak_class': 'M1.6'}, {'year': 2024, 'flare_count': 4, 'peak_class': 'M7.4'}, {'year': 2023, 'flare_count': 5, 'peak_class': 'M1.3'...
]

Output:

[
    json{
        "ai_analytics": {
            "review": "The launch site at Japan-Odawara (coordinates: 35.2458, 139.1023) is evaluated based on the provided telemetry. The atmospheric stability index (S1) is 78.2, the aerodynamic index (S2) is 27, the space weather index (S3) is 92.4, the geoballistic index (S4) is 65.4, and the operational safety index (S5) is 0 due to the presence of aircraft in the vicinity. The wind speed at the site is 195.51 m/s, which exceeds the 30 m/s threshold, resulting in a zeroed R1. The geomagnetic activity is within acceptable limits, and the visibility is 24,140 meters, which is above the 4,000 meter threshold, resulting in a zeroed R3. The final LCS is zeroed due to the failure of the wind gate (R1) and visibility gate (R3).",\n    "risks": ["Excessive wind speed", "Poor visibility"],\n    "recommendations": "Due to the high wind speed and poor visibility, the launch should be scrubbed. Consider alternative launch sites with better atmospheric conditions.",\n    "verdict": "The launch should be scrubbed due to the failure of the wind and visibility gates.",\n    "lcs": 0
        }
    },
    json{
        "ai_analytics": {
            "review": "The launch site at Rio de Janeiro, Brazil, is evaluated based on the provided telemetry. The atmospheric stability index (S1) is 85.2, the aerodynamic index (S2) is 27, the space weather index (S3) is 95.5, the geoballistic index (S4) is 97.85, and the operational safety index (S5) is 0 due to the presence of aircraft in the vicinity. The wind speed at the site is 155.36 m/s, which exceeds the 30 m/s threshold, resulting in a zeroed R1. The geomagnetic activity is within acceptable limits, and the visibility is 24,140 meters, which is above the 4,000 meter threshold, resulting in a zeroed R3. The pressure deviation from the ISO standard is within acceptable limits, and the cloud cover is 32%, which is not overcast. The X-ray flux is M2.4, which does not trigger the Xray_Penalty. The latitude is -23.0008 radians, and the slope is 2.15 degrees, which is within acceptable limits for S4. The terrain type is \'Flat Plain\', and there are active aircraft in the vicinity, setting S5 to 0.",\n    "risks": ["Excessive wind speed", "Low visibility"],\n    "recommendations": "Due to the high wind speed, the mission should be scrubbed. Consider alternative launch sites with better wind conditions.",\n    "verdict": "The mission must be scrubbed due to excessive wind speed and low visibility.",\n    "lcs": 0\n  
        }
    },
    json{
        "ai_analytics": {
            "review": "The launch site at 28.5721, 80.648 in India-Uttar Pradesh has a latitude of 1.5476 radians. The atmospheric pressure is 993.1 hPa, which is 1.4% below the ISO standard. The visibility is 24,140 meters, which is well above the required threshold. The geomagnetic activity is at 0, which is within the safe limit. However, the wind profile shows maximum wind speeds of up to 46.74 m/s at 10,500 meters, which exceeds the 30 m/s threshold. The terrain is classified as a \'Flat Plain\' with a slope of 2.15 degrees, which is within acceptable limits. The space environment includes a predicted magnetic declination of 1.44 degrees and a solar X-ray flux of M2.4, which is within the safe range. The predicted launch date visibility is 24,140 meters, which is well above the required threshold. The predicted launch date magnetic declination is 1.44 degrees, which is within the safe range. The predicted launch date solar X-ray flux is M2.4, which is within the safe range. The predicted launch date wind profile shows maximum wind speeds of up to 46.74 m/s, which exceeds the 30 m/s threshold. The predicted launch date geomagnetic activity is 0, which is within the safe limit. The predicted launch date visibility is 24,140 meters, which is well above the required threshold.",\n    "risks": ["Excessive wind speeds at 46.74 m/s exceed the 30 m/s threshold."],\n    "recommendations": "Due to the excessive wind speeds, the launch should be rescheduled to a time when wind speeds are below 30 m/s.",\n    "verdict": "Excessive wind speeds exceed the threshold, resulting in a zero LCS.",\n    "lcs": 0\n  
        }
    }
]

Note:
    Completely rewrite prompts
    Decrease model temperature to 0.01