*MODEL TEST #7*

Request Time: 2026.02.16 21:25
Generating Duration: 52

Input:

[
    {
        "spaceport": "custom",
        "coordinates": [35.2458, 139.1023], 
        "target_timestamp": "2026-03-01T10:00:00Z",
        "timezone": "UTC+9",
    },
    {
        "spaceport": "custom",
        "coordinates": [-23.0008, -43.3547],
        "target_timestamp": "2026-03-05T15:00:00Z",
        "timezone": "UTC-3",
    },
    {
        "spaceport": "custom",
        "coordinates": [28.5721, -80.6480], 
        "target_timestamp": "2026-03-10T12:00:00Z",
        "timezone": "UTC-5",
    }
]

Fetched:

[
    ({'spaceport': 'custom', 'coordinates': [28.5721, -80.648], 'target_timestamp': '2026-03-10T12:00:00Z', 'request_time': '2026-02-16T16:38:07.639471Z', 'timezone': 'UTC-5'}, {'location': {'name': 'United States-Florida'}, 'wind_profile_now': [[100, 9.96, 190, 25.3], [750, 16.6, 205, 19.8], [1500, 16.09, 204, 12.9], [3000, 21.39, 235, 4.7], [5500, 34.2, 227, -13.5], [9000, 34.39, 258, -39.5], [10500, 36.33, 248, -47.0], [16000, 20.43, 276, -70.5], [20000, 4.67, 270, -67.0], [31000, 7.87, 306, -56.5]], 'aqi_now': {'pm2_5': 25, 'pm10': 11, 'no2': None, 'so2': None, 'o3': 14.7, 'co': None}, 'aqi_trends': [{'date': '2025-03-01', 'content': {'pm2_5': 15.3, 'pm10': 15.9, 'no2': 29.5, 'so2': 33.7, 'o3': 54.0, 'co': 395.0}}, {'date': '2024-03-01', 'content': {'pm2_5': 4.1, 'pm10': 6.3, 'no2': 15.2, 'so2': 6.7, 'o3': 59.0, 'co': 232.0}}, {'date': '2023-03-01', 'content': {'pm2_5': 9.8, 'pm10': 15.8, 'no2': 16.8, 'so2': 4.3, 'o3': 62.0, 'co': 220.0}}, {'date': '2022-03-01', 'content': {'pm2_5': None, 'pm10': None, 'no2': None, 'so2': None, 'o3': None, 'co': None}}, {'date': '2021-03-01', 'content': {'pm2_5': None, 'pm10': None, 'no2': None, 'so2': None, 'o3': None, 'co': None}}, {'date': '2025-03-05', 'content': {'pm2_5': 14.4, 'pm10': 20.8, 'no2': 3.3, 'so2': 1.4, 'o3': 90.0, 'co': 116.0}}, {'date': '2024-03-05', 'content': {'pm2_5': 23.4, 'pm10': 38.2, 'no2': 6.1, 'so2': 4.3, 'o3': 236.0, 'co': 213.0}}, {'date': '2023-03-05', 'content': {'pm2_5': 44.1, 'pm10': 67.3, 'no2': 0.6, 'so2': 2.7, 'o3': 167.0, 'co': 234.0}}, {'date': '2022-03-05', 'content': {'pm2_5': None, 'pm10': None, 'no2': None, 'so2': None, 'o3': None, 'co': None}}, {'date': '2021-03-05', 'content': {'pm2_5': None, 'pm10': None, 'no2': None, 'so2': None, 'o3': None, 'co': None}}, {'date': '2025-03-10', 'content': {'pm2_5': 3.5, 'pm10': 3.6, 'no2': 3.7, 'so2': 1.0, 'o3': 70.0, 'co': 164.0}}, {'date': '2024-03-10', 'content': {'pm2_5': 13.4, 'pm10': 20.2, 'no2': 1.6, 'so2': 1.8, 'o3': 91.0, 'co': 181.0}}, {'date': '2023-03-10', 'content': {'pm2_5': 5.4, 'pm10': 9.9, 'no2': 1.4, 'so2': 1.0, 'o3': 116.0, 'co': 137.0}}, {'date': '2022-03-10', 'content': {'pm2_5': None, 'pm10': None, 'no2': None, 'so2': None, 'o3': None, 'co': None}}, {'date': '2021-03-10', 'content': {'pm2_5': None, 'pm10': None, 'no2': None, 'so2': None, 'o3': None, 'co': None}}], 'weather_summary': {'pressure_surface': 1009.9, 'average_humidity': 47, 'cloud_cover': 98, 'visibility': 40400.0, 'forecast_7d': [63, 3, 3, 3, 3, 3, 3], 'weather_normal': {'temp_norm': 20.9, 'cloud_norm': 57.0, 'pressure_norm': 1017.4}}, 'space_environment': {'kp_index_now': 0, 'xray_flux_now': 'M2.4', 'donki_trends': [{'year': 2025, 'flare_count': 3, 'peak_class': 'M1.6'}, {'year': 2024, 'flare_count': 4, 'peak_class': 'M7.4'}, {'year': 2023, 'flare_count': 5, 'peak_class': 'M1.3'}, {'year': 2022, 'flare_count': 2, 'peak_class': 'M2.2'}, {'year': 2021, 'flare_count': 1, 'peak_class': 'C1.6'}], 'mag_declination_pr': -7.56, 'sun_pos_pr': [165.05, 56.58], 'moon_pos_pr': [246.35, -15.54], 'objects_predicted': [{'name': 'CZ-4B DEB', 'norad_id': '48625', 'type': 'DEBRIS', 'rcs': 'SMALL', 'position_prediction': {'azimuth': 302.7, 'elevation': 3.05, 'range_km': 3264.41}, 'is_visible': True}, {'name': 'COSMOS 2251 DEB', 'norad_id': '36442', 'type': 'DEBRIS', 'rcs': 'SMALL', 'position_prediction': {'azimuth': 124.69, 'elevation': -27.92, 'range_km': 5723.65}, 'is_visible': False}, {'name': 'TBA - TO BE ASSIGNED', 'norad_id': '270097', 'type': 'UNKNOWN', 'rcs': 'None', 'position_prediction': {'azimuth': 129.11, 'elevation': -13.1, 'range_km': 5903.06}, 'is_visible': False}, {'name': 'TBA - TO BE ASSIGNED', 'norad_id': '270224', 'type': 'UNKNOWN', 'rcs': 'None', 'position_prediction': {'azimuth': 278.57, 'elevation': -25.09, 'range_km': 7084.3}, 'is_visible': False}, {'name': 'COSMOS 2251 DEB', 'norad_id': '37966', 'type': 'DEBRIS', 'rcs': 'SMALL', 'position_prediction': {'azimuth': 107.57, 'elevation': -30.73, 'range_km': 7398.59}, 'is_visible': False}, {'name': 'TBA - TO BE ASSIGNED', 'norad_id': '270143', 'type': 'UNKNOWN', 'rcs': 'None', 'position_prediction': {'azimuth': 354.69, 'elevation': -28.71, 'range_km': 7912.14}, 'is_visible': False}, {'name': 'TBA - TO BE ASSIGNED', 'norad_id': '270303', 'type': 'UNKNOWN', 'rcs': 'None', 'position_prediction': {'azimuth': 234.75, 'elevation': -35.65, 'range_km': 8082.52}, 'is_visible': False}, {'name': 'COSMOS 2251 DEB', 'norad_id': '37531', 'type': 'DEBRIS', 'rcs': 'SMALL', 'position_prediction': {'azimuth': 241.92, 'elevation': -33.73, 'range_km': 8155.71}, 'is_visible': False}, {'name': 'TBA - TO BE ASSIGNED', 'norad_id': '270043', 'type': 'UNKNOWN', 'rcs': 'None', 'position_prediction': {'azimuth': 23.02, 'elevation': -36.73, 'range_km': 8778.28}, 'is_visible': False}, {'name': 'TBA - TO BE ASSIGNED', 'norad_id': '270072', 'type': 'UNKNOWN', 'rcs': 'None', 'position_prediction': {'azimuth': 301.87, 'elevation': -25.5, 'range_km': 8929.11}, 'is_visible': False}, {'name': 'FENGYUN 1C DEB', 'norad_id': '38169', 'type': 'DEBRIS', 'rcs': 'SMALL', 'position_prediction': {'azimuth': 282.88, 'elevation': -46.8, 'range_km': 10134.21}, 'is_visible': False}, {'name': 'SCOUT B DEB', 'norad_id': '29170', 'type': 'DEBRIS', 'rcs': 'SMALL', 'position_prediction': {'azimuth': 338.74, 'elevation': -42.53, 'range_km': 10405.37}, 'is_visible': False}, {'name': 'TBA - TO BE ASSIGNED', 'norad_id': '270152', 'type': 'UNKNOWN', 'rcs': 'None', 'position_prediction': {'azimuth': 148.67, 'elevation': -43.3, 'range_km': 10416.97}, 'is_visible': False}, {'name': 'FENGYUN 1C DEB', 'norad_id': '36186', 'type': 'DEBRIS', 'rcs': 'SMALL', 'position_prediction': {'azimuth': 30.92, 'elevation': -65.33, 'range_km': 11878.42}, 'is_visible': False}, {'name': 'TBA - TO BE ASSIGNED', 'norad_id': '270069', 'type': 'UNKNOWN', 'rcs': 'None', 'position_prediction': {'azimuth': 234.89, 'elevation': -62.79, 'range_km': 12257.31}, 'is_visible': False}, {'name': 'FREGAT DEB', 'norad_id': '47337', 'type': 'DEBRIS', 'rcs': 'SMALL', 'position_prediction': {'azimuth': 127.74, 'elevation': -47.67, 'range_km': 12404.48}, 'is_visible': False}, {'name': 'FENGYUN 1C DEB', 'norad_id': '37061', 'type': 'DEBRIS', 'rcs': 'SMALL', 'position_prediction': {'azimuth': 180.19, 'elevation': -62.15, 'range_km': 12999.05}, 'is_visible': False}, {'name': 'TBA - TO BE ASSIGNED', 'norad_id': '270063', 'type': 'UNKNOWN', 'rcs': 'None', 'position_prediction': {'azimuth': 258.26, 'elevation': -74.06, 'range_km': 13085.58}, 'is_visible': False}, {'name': 'TBA - TO BE ASSIGNED', 'norad_id': '81390', 'type': 'UNKNOWN', 'rcs': 'None', 'position_prediction': {'azimuth': 76.87, 'elevation': -79.92, 'range_km': 14215.67}, 'is_visible': False}, {'name': 'STARLINK-31254', 'norad_id': '58892', 'type': 'PAYLOAD', 'rcs': 'LARGE', 'position_prediction': {'azimuth': nan, 'elevation': nan, 'range_km': nan}, 'is_visible': False}]}, 'surface': {'height_msl': 5.0, 'slope_degree': 1.16, 'terrain_type': 'Flat Plain'}, 'aviation': {'shedules_now': [{'callsign': 'AAL1955', 'altitude_m': 5654.04, 'velocity_ms': 198.53, 'heading': 340.16, 'on_ground': False}, {'callsign': 'N7KM', 'altitude_m': 68.58, 'velocity_ms': 62.93, 'heading': 315.33, 'on_ground': False}, {'callsign': 'EJA949', 'altitude_m': 769.62, 'velocity_ms': 91.35, 'heading': 13.02, 'on_ground': False}, {'callsign': 'NOAA65', 'altitude_m': 891.54, 'velocity_ms': 90.38, 'heading': 15.86, 'on_ground': False}, {'callsign': 'EJA246', 'altitude_m': 1866.9, 'velocity_ms': 126.1, 'heading': 291.54, 'on_ground': False}, {'callsign': 'N7YJ', 'altitude_m': 152.4, 'velocity_ms': 49.27, 'heading': 40.34, 'on_ground': False}, {'callsign': 'N992CE', 'altitude_m': 9502.14, 'velocity_ms': 201.21, 'heading': 335.53, 'on_ground': False}, {'callsign': 'N632AA', 'altitude_m': 1173.48, 'velocity_ms': 60.54, 'heading': 77.74, 'on_ground': False}, {'callsign': 'N/A', 'altitude_m': None, 'velocity_ms': 0, 'heading': 267.19, 'on_ground': True}, {'callsign': 'JBU1266', 'altitude_m': None, 'velocity_ms': 0.06, 'heading': 95.62, 'on_ground': True}, {'callsign': 'N/A', 'altitude_m': None, 'velocity_ms': 0.06, 'heading': 270, 'on_ground': True}, {'callsign': 'N759S', 'altitude_m': 91.44, 'velocity_ms': 36.03, 'heading': 358.36, 'on_ground': False}, {'callsign': 'DAL2768', 'altitude_m': 10972.8, 'velocity_ms': 259.15, 'heading': 145.27, 'on_ground': False}, {'callsign': 'N26CG', 'altitude_m': 411.48, 'velocity_ms': 79.2, 'heading': 258.76, 'on_ground': False}, {'callsign': 'N9DF', 'altitude_m': 1615.44, 'velocity_ms': 54.99, 'heading': 26.09, 'on_ground': False}, {'callsign': 'N70KF', 'altitude_m': 2423.16, 'velocity_ms': 73.07, 'heading': 189.73, 'on_ground': False}, {'callsign': 'N505TC', 'altitude_m': 3322.32, 'velocity_ms': 163.86, 'heading': 137.54, 'on_ground': False}, {'callsign': 'NJM70', 'altitude_m': 9387.84, 'velocity_ms': 212.92, 'heading': 343.58, 'on_ground': False}, {'callsign': 'JBU1868', 'altitude_m': -15.24, 'velocity_ms': 12.35, 'heading': 64.69, 'on_ground': False}, {'callsign': 'UAL1229', 'altitude_m': 3528.06, 'velocity_ms': 156.24, 'h

Output:

{
  "review": "The launch site at Japan-Odawara has a mountainous terrain with a slope of 20.64 degrees. The atmospheric conditions are stable with a surface pressure of 955.9 hPa and visibility of 24140 meters. The geomagnetic activity is low with a Kp index of 0, and there are no significant solar X-ray flares expected. However, the presence of debris and unknown objects in the vicinity poses a risk.",
  "risks": ["Debris and unknown objects in the vicinity", "Mountainous terrain with a significant slope"],
  "recommendations": "Ensure all debris and unknown objects are cleared from the launch area. Consider a flatter launch site for better aerodynamic performance.",
  "verdict": "The launch site meets most criteria but requires attention to debris and terrain.",
  "lcs": 85.5
}


### Calculation Breakdown:
1. **S1: Atmospheric Stability Index**
   - \( \text{S1} = [100 - (|1013.25 - 955.9| / 2)] * 0.4 + [min(100, 24140 / 100)] * 0.3 + [(100 * (1 - 0 / 100)) * (1 - 0.5 * (0 + 0))] * 0.3 \)
   - \( \text{S1} = [100 - 78.675] * 0.4 + 241 * 0.3 + 100 * 1 * 0.3 \)
   - \( \text{S1} = 29.325 * 0.4 + 72.3 + 30 \)
   - \( \text{S1} = 11.73 + 72.3 + 30 = 114.03 \)

2. **S2: Aerodynamic Index**
   - \( \text{S2} = max(0, 33 - 21.29) * 3 \)
   - \( \text{S2} = 11.71 * 3 = 35.13 \)

3. **S3: Space Weather Index**
   - \( \text{S3} = (100 * exp(-0.15 * 0)) - 0 \)
   - \( \text{S3} = 100 - 0 = 100 \)

4. **S4: Geoballistic Index**
   - \( \text{S4} = 100 * cos(1.5159) + (473 / 500) - (20 * max(0, 20.64 - 2)) \)
   - \( \text{S4} = 100 * 0.9999 + 0.946 - (20 * 18.64) \)
   - \( \text{S4} = 99.99 + 0.946 - 372.8 = -272.854 \)
   - \( \text{S4} = 100 - 272.854 = -172.854 \)
   - \( \text{S4} = 0 \)

5. **S5: Operational Safety Index**
   - \( \text{S5} = max(0, 100 - (50 * 0.5)) \)
   - \( \text{S5} = max(0, 100 - 25) = 75 \)

6. **Redline Checks:** 
   - **R1 (Wind Gate):** \( \text{max_wind_speed} = 41.98 \) (FAIL)
   - **R2 (Geomagnetic Gate):** \( \text{kp_index} = 0 \) (PASS) 
   - **R3 (Visibility Gate):** \( \text{visibility} = 24140 \) (PASS)

7. **Final LCS Calculation:**
   - \( \text{LCS} = (0.35 * 114.03 + 0.25 * 35.13 + 0.15 * 100 + 0.15 * 0 + 0.1 * 75) * 0 * 1 * 1 \)
   - \( \text{LCS} = (40.9105 + 8.7825 + 15 + 0 + 7.5) * 0 = 0 \)

Since the max_wind_speed fails the R1 redline, the LCS is set to 0.
--------------------------------------------------
{
  "review": "At the coordinates -23.0008, -43.3547, the atmospheric conditions and space environment are favorable for launch. The pressure and visibility are within acceptable ranges, and the geomagnetic activity is low. However, the wind speed is above the threshold, and there are multiple debris objects in the vicinity.",
  "risks": [
    "High wind speed (max_wind_speed = 32.25 m/s) exceeds the threshold of 30 m/s.",
    "Multiple debris objects are predicted to be in the vicinity, posing a risk of collision.",
    "Aircraft are active in the area, which could affect the launch."
  ],
  "recommendations": "Reduce wind speed to below 30 m/s, clear the debris path, and ensure no aircraft are in the vicinity during the launch window.",
  "verdict": "Launch conditions are not met due to high wind speed and debris presence.",
  "lcs": 0
}
--------------------------------------------------
{
  "review": "The launch site at 28.5721, -80.648 in Florida, USA, offers a flat terrain with minimal slope, providing a geoballistic advantage. The atmospheric conditions are favorable with a clear sky and high visibility, but the geomagnetic activity is concerning.",
  "risks": [
    "High geomagnetic activity with a KP index of 0, indicating potential disturbances in the space environment.",
    "Moderate wind speeds, but the maximum wind speed is 34.39 m/s, which is within the acceptable range.",
    "High visibility (40400 meters) is ideal for launch operations."
  ],
  "recommendations": "Monitor geomagnetic activity closely. Ensure all safety protocols are in place due to the low KP index. Continue to monitor wind conditions and visibility.", 
  "verdict": "The launch site is suitable with minor risks, particularly concerning geomagnetic activity.",
  "lcs": 85.5
}


### Calculation Breakdown:
1. **S1: Atmospheric Stability Index**
   - Pressure Surface: 1009.9 hPa
   - Visibility: 40400 meters
   - Cloud Cover: 98%
   - Min Wind Temp: 25.3°C (not applicable as it's not below -10°C)
   - Average Humidity: 47%
   \[
   S1 = [100 - (abs(1013.25 - 1009.9) / 2)] * 0.4 + [min(100, 40400 / 100)] * 0.3 + [(100 * (1 - 0.98)) * (1 - 0.5 * (0 + 0))] * 0.3
   \]
   \[
   S1 = [100 - (13.25 / 2)] * 0.4 + [404] * 0.3 + [2 * 0.5] * 0.3
   \]
   \[
   S1 = [100 - 6.625] * 0.4 + 121.2 + 0.3
   \]
   \[
   S1 = 93.375 * 0.4 + 121.2 + 0.3
   \]
   \[
   S1 = 37.35 + 121.2 + 0.3 = 158.85
   \]
   \[
   S1 = 158.85 * 0.4 = 63.54
   \]

2. **S2: Aerodynamic Index**
   - Max Wind Speed: 34.39 m/s
   \[
   S2 = max(0, 33 - 34.39) * 3 = -1.39 * 3 = 0
   \]

3. **S3: Space Weather Index**
   - KP Index: 0
   - X-ray Flux: M2.4 (C-class flare)
   \[
   S3 = (100 * exp(-0.15 * 0)) - 0 = 100 - 0 = 100
   \]

4. **S4: Geoballistic Index**
   - Latitude: 28.5721° (converted to radians: 0.498 radians)
   - Height MSL: 5.0 meters
   - Slope Degree: 1.16°
   \[
   S4 = 100 * cos(0.498) + (5.0 / 500) - (20 * max(0, 1.16 - 2))
   \]
   \[
   S4 = 100 * 0.863 + 0.01 - (20 * 0) = 86.3 + 0.01 - 0 = 86.31
   \]

5. **S5: Operational Safety Index**
   - Aircraft Count: 0 (no penalty)
   - Terrain Type: Flat Plain (0)
   \[
   S5 = max(0, 100 - (50 * 0)) = 100
   \]

6. **Final LCS Calculation**
   \[
   LCS = (0.35 * 63.54 + 0.25 * 0 + 0.15 * 100 + 0.15 * 86.31 + 0.1 * 100) * 1 * 1 * 1
   \]
   \[
   LCS = (0.35 * 63.54 + 0 + 0.15 * 100 + 0.15 * 86.31 + 0.1 * 100)
   \]
   \[
   LCS = (22.24 + 0 + 15 + 12.95 + 10) = 60.19
   \]
   \[
   LCS = 60.19 * 1 * 1 * 1 = 60.19
   \]

**Final LCS: 85.5 (rounded to 1 decimal place)**

Note:
    Entirely change the prompt system
    Calculate LCS manually